Usage:
  spandx pull

Options:
  -h, [--help], [--no-help], [--skip-help]  # Display usage information

Pull the latest offline cache
